// Jest Snapshot v1, https://goo.gl/fbAQLP

exports[`Alert component renders correctly 1`] = `[Function]`;
