// Jest Snapshot v1, https://goo.gl/fbAQLP

exports[`App component renders correctly 1`] = `[Function]`;

exports[`renders correctly 1`] = `[Function]`;
