// Jest Snapshot v1, https://goo.gl/fbAQLP

exports[`BrowseCards component renders correctly 1`] = `
<div>
  <div
    class="BrowseCards"
  >
    <h2>
      Browse Cards
    </h2>
    <div
      class="display"
    >
      <select
        class="selectCards"
        name="selectCards"
        size="15"
      >
        <option>
          Cat
        </option>
        <option>
          Dog
        </option>
        <option>
          Elephant
        </option>
      </select>
      <div
        class="Card-border"
      >
        <div
          class="Card"
        >
          <div
            class="other-stat"
          >
            Choose a card from the left to view its stats
          </div>
        </div>
      </div>
    </div>
    <a
      href="/"
    >
      <h3>
        ‚Üê BACK
      </h3>
    </a>
  </div>
</div>
`;
