// Jest Snapshot v1, https://goo.gl/fbAQLP

exports[`BrowseCards component renders correctly 1`] = `
<div>
  <div
    class="Play"
  >
    <div
      class="game-area"
    >
      <div
        class="player"
      >
        <div
          class="score"
        >
          Player: 
          2
           cards
        </div>
        <div
          class="Card-border"
        >
          <div
            class="Card"
          >
            <div
              class="name"
            >
              Elephant
            </div>
            <div
              class="other-stat"
            >
              Cool: 
               
            </div>
            <div
              class="other-stat"
            >
              Largeness: 
               
            </div>
            <div
              class="other-stat"
            >
              Handsome: 
               
            </div>
            <div
              class="other-stat"
            >
              aka: 
              <br />
              "
              "
               
            </div>
            <div
              class="other-stat"
            >
              Alignment:
              <br />
               
            </div>
          </div>
        </div>
      </div>
      <div
        class="game-ui"
      >
        <div
          class="player-turn"
        >
          <div
            class="turn"
          >
            Player's Turn
          </div>
          <div
            class="select-field"
          >
            Select a field to play 
            <br />
             against your opponent:
          </div>
          <div
            class="field"
          >
            Cool
          </div>
          <div
            class="field"
          >
            Largeness
          </div>
          <div
            class="field"
          >
            Handsome
          </div>
        </div>
      </div>
      <div
        class="computer"
      >
        <div
          class="score"
        >
          Computer: 
          1
           cards
        </div>
        <div
          class="hidden-card"
        >
          <div
            class="text"
          >
            Animal 
            <br />
            Top Trumps
          </div>
          <img
            alt="Logo"
            height="96px"
            id="card-logo"
            src="dog.png"
            width="96px"
          />
        </div>
      </div>
    </div>
    <a
      href="/"
    >
      <h3>
        ‚Üê BACK
      </h3>
    </a>
  </div>
</div>
`;
